// Jest Snapshot v1, https://goo.gl/fbAQLP

exports[`Home Component Should render correctly with correct path 1`] = `
<div
  className="home-page"
>
  <WithStyles(CssBaseline) />
  <WithStyles(Snackbar)
    autoHideDuration={3000}
    message=""
    onClose={[Function]}
    open={false}
  />
  <div
    className="title-bar"
    data-aos="fade-up"
  >
    <WithStyles(Typography)
      className="title"
      component="h2"
      style={
        Object {
          "color": "#000000",
        }
      }
      variant="h1"
    >
      <strong>
        LunchIn
      </strong>
    </WithStyles(Typography)>
    <WithStyles(Typography)
      className="tag-line"
      component="h2"
      data-aos="fade-up"
      variant="h3"
    >
      Automatically Choose a Lunch Option For You
    </WithStyles(Typography)>
  </div>
  <div
    className="home-page-content"
  >
    <WithStyles(Card)
      className="login-form"
      data-aos="slide-right"
    >
      <WithStyles(CardHeader)
        className="login-form-header"
        subheader="Your Lunch Option Awaits"
        title="Sign In"
      />
      <WithStyles(CardContent)
        className="login-form-content"
      >
        <form>
          <TextField
            className="email"
            disabled={false}
            fullWidth={true}
            id="email"
            label="E-mail"
            onChange={[Function]}
            required={true}
            select={false}
            type="email"
            value=""
            variant="standard"
          />
          <TextField
            InputProps={
              Object {
                "endAdornment": <WithStyles(InputAdornment)
                  position="end"
                >
                  <WithStyles(Tooltip)
                    placement="top"
                    title="Show Password"
                  >
                    <WithStyles(IconButton)
                      onClick={[Function]}
                    >
                      <pure(VisibilityOffIcon) />
                    </WithStyles(IconButton)>
                  </WithStyles(Tooltip)>
                </WithStyles(InputAdornment)>,
              }
            }
            className="password"
            disabled={false}
            fullWidth={true}
            id="password"
            label="Password"
            onChange={[Function]}
            required={true}
            select={false}
            type="password"
            value=""
            variant="standard"
          />
          <WithStyles(Button)
            className="login"
            color="primary"
            disabled={false}
            fullWidth={true}
            onClick={[Function]}
            style={
              Object {
                "marginBottom": 5,
                "marginTop": 5,
              }
            }
            variant="contained"
          >
            Sign-In
          </WithStyles(Button)>
        </form>
        <WithStyles(Typography)
          className="signup-line"
          component="h2"
          style={
            Object {
              "marginBottom": 5,
              "marginTop": 5,
            }
          }
          variant="subtitle1"
        >
          Don't have an account? Signup now!
        </WithStyles(Typography)>
        <WithStyles(Button)
          className="login"
          color="secondary"
          disabled={false}
          fullWidth={true}
          onClick={[Function]}
          style={
            Object {
              "marginBottom": 5,
              "marginTop": 5,
            }
          }
          variant="contained"
        >
          Sign-Up
        </WithStyles(Button)>
      </WithStyles(CardContent)>
    </WithStyles(Card)>
  </div>
</div>
`;

exports[`Home Component When provided with incorrect credential for login Should render correctly 1`] = `
<div
  className="home-page"
>
  <WithStyles(CssBaseline) />
  <WithStyles(Snackbar)
    autoHideDuration={3000}
    message=""
    onClose={[Function]}
    open={false}
  />
  <div
    className="title-bar"
    data-aos="fade-up"
  >
    <WithStyles(Typography)
      className="title"
      component="h2"
      style={
        Object {
          "color": "#000000",
        }
      }
      variant="h1"
    >
      <strong>
        LunchIn
      </strong>
    </WithStyles(Typography)>
    <WithStyles(Typography)
      className="tag-line"
      component="h2"
      data-aos="fade-up"
      variant="h3"
    >
      Automatically Choose a Lunch Option For You
    </WithStyles(Typography)>
  </div>
  <div
    className="home-page-content"
  >
    <WithStyles(Card)
      className="login-form"
      data-aos="slide-right"
    >
      <WithStyles(CardHeader)
        className="login-form-header"
        subheader="Your Lunch Option Awaits"
        title="Sign In"
      />
      <WithStyles(CardContent)
        className="login-form-content"
      >
        <form>
          <TextField
            className="email"
            disabled={false}
            fullWidth={true}
            id="email"
            label="E-mail"
            onChange={[Function]}
            required={true}
            select={false}
            type="email"
            value=""
            variant="standard"
          />
          <TextField
            InputProps={
              Object {
                "endAdornment": <WithStyles(InputAdornment)
                  position="end"
                >
                  <WithStyles(Tooltip)
                    placement="top"
                    title="Show Password"
                  >
                    <WithStyles(IconButton)
                      onClick={[Function]}
                    >
                      <pure(VisibilityOffIcon) />
                    </WithStyles(IconButton)>
                  </WithStyles(Tooltip)>
                </WithStyles(InputAdornment)>,
              }
            }
            className="password"
            disabled={false}
            fullWidth={true}
            id="password"
            label="Password"
            onChange={[Function]}
            required={true}
            select={false}
            type="password"
            value=""
            variant="standard"
          />
          <WithStyles(Button)
            className="login"
            color="primary"
            disabled={false}
            fullWidth={true}
            onClick={[Function]}
            style={
              Object {
                "marginBottom": 5,
                "marginTop": 5,
              }
            }
            variant="contained"
          >
            Sign-In
          </WithStyles(Button)>
        </form>
        <WithStyles(Typography)
          className="signup-line"
          component="h2"
          style={
            Object {
              "marginBottom": 5,
              "marginTop": 5,
            }
          }
          variant="subtitle1"
        >
          Don't have an account? Signup now!
        </WithStyles(Typography)>
        <WithStyles(Button)
          className="login"
          color="secondary"
          disabled={false}
          fullWidth={true}
          onClick={[Function]}
          style={
            Object {
              "marginBottom": 5,
              "marginTop": 5,
            }
          }
          variant="contained"
        >
          Sign-Up
        </WithStyles(Button)>
      </WithStyles(CardContent)>
    </WithStyles(Card)>
  </div>
</div>
`;

exports[`Home Component When provided with no email for login Should render correctly 1`] = `
<div
  className="home-page"
>
  <WithStyles(CssBaseline) />
  <WithStyles(Snackbar)
    autoHideDuration={3000}
    message=""
    onClose={[Function]}
    open={false}
  />
  <div
    className="title-bar"
    data-aos="fade-up"
  >
    <WithStyles(Typography)
      className="title"
      component="h2"
      style={
        Object {
          "color": "#000000",
        }
      }
      variant="h1"
    >
      <strong>
        LunchIn
      </strong>
    </WithStyles(Typography)>
    <WithStyles(Typography)
      className="tag-line"
      component="h2"
      data-aos="fade-up"
      variant="h3"
    >
      Automatically Choose a Lunch Option For You
    </WithStyles(Typography)>
  </div>
  <div
    className="home-page-content"
  >
    <WithStyles(Card)
      className="login-form"
      data-aos="slide-right"
    >
      <WithStyles(CardHeader)
        className="login-form-header"
        subheader="Your Lunch Option Awaits"
        title="Sign In"
      />
      <WithStyles(CardContent)
        className="login-form-content"
      >
        <form>
          <TextField
            className="email"
            disabled={false}
            fullWidth={true}
            id="email"
            label="E-mail"
            onChange={[Function]}
            required={true}
            select={false}
            type="email"
            value=""
            variant="standard"
          />
          <TextField
            InputProps={
              Object {
                "endAdornment": <WithStyles(InputAdornment)
                  position="end"
                >
                  <WithStyles(Tooltip)
                    placement="top"
                    title="Show Password"
                  >
                    <WithStyles(IconButton)
                      onClick={[Function]}
                    >
                      <pure(VisibilityOffIcon) />
                    </WithStyles(IconButton)>
                  </WithStyles(Tooltip)>
                </WithStyles(InputAdornment)>,
              }
            }
            className="password"
            disabled={false}
            fullWidth={true}
            id="password"
            label="Password"
            onChange={[Function]}
            required={true}
            select={false}
            type="password"
            value=""
            variant="standard"
          />
          <WithStyles(Button)
            className="login"
            color="primary"
            disabled={false}
            fullWidth={true}
            onClick={[Function]}
            style={
              Object {
                "marginBottom": 5,
                "marginTop": 5,
              }
            }
            variant="contained"
          >
            Sign-In
          </WithStyles(Button)>
        </form>
        <WithStyles(Typography)
          className="signup-line"
          component="h2"
          style={
            Object {
              "marginBottom": 5,
              "marginTop": 5,
            }
          }
          variant="subtitle1"
        >
          Don't have an account? Signup now!
        </WithStyles(Typography)>
        <WithStyles(Button)
          className="login"
          color="secondary"
          disabled={false}
          fullWidth={true}
          onClick={[Function]}
          style={
            Object {
              "marginBottom": 5,
              "marginTop": 5,
            }
          }
          variant="contained"
        >
          Sign-Up
        </WithStyles(Button)>
      </WithStyles(CardContent)>
    </WithStyles(Card)>
  </div>
</div>
`;

exports[`Home Component When provided with no email or password for login Should render correctly 1`] = `
<div
  className="home-page"
>
  <WithStyles(CssBaseline) />
  <WithStyles(Snackbar)
    autoHideDuration={3000}
    message=""
    onClose={[Function]}
    open={false}
  />
  <div
    className="title-bar"
    data-aos="fade-up"
  >
    <WithStyles(Typography)
      className="title"
      component="h2"
      style={
        Object {
          "color": "#000000",
        }
      }
      variant="h1"
    >
      <strong>
        LunchIn
      </strong>
    </WithStyles(Typography)>
    <WithStyles(Typography)
      className="tag-line"
      component="h2"
      data-aos="fade-up"
      variant="h3"
    >
      Automatically Choose a Lunch Option For You
    </WithStyles(Typography)>
  </div>
  <div
    className="home-page-content"
  >
    <WithStyles(Card)
      className="login-form"
      data-aos="slide-right"
    >
      <WithStyles(CardHeader)
        className="login-form-header"
        subheader="Your Lunch Option Awaits"
        title="Sign In"
      />
      <WithStyles(CardContent)
        className="login-form-content"
      >
        <form>
          <TextField
            className="email"
            disabled={false}
            fullWidth={true}
            id="email"
            label="E-mail"
            onChange={[Function]}
            required={true}
            select={false}
            type="email"
            value=""
            variant="standard"
          />
          <TextField
            InputProps={
              Object {
                "endAdornment": <WithStyles(InputAdornment)
                  position="end"
                >
                  <WithStyles(Tooltip)
                    placement="top"
                    title="Show Password"
                  >
                    <WithStyles(IconButton)
                      onClick={[Function]}
                    >
                      <pure(VisibilityOffIcon) />
                    </WithStyles(IconButton)>
                  </WithStyles(Tooltip)>
                </WithStyles(InputAdornment)>,
              }
            }
            className="password"
            disabled={false}
            fullWidth={true}
            id="password"
            label="Password"
            onChange={[Function]}
            required={true}
            select={false}
            type="password"
            value=""
            variant="standard"
          />
          <WithStyles(Button)
            className="login"
            color="primary"
            disabled={false}
            fullWidth={true}
            onClick={[Function]}
            style={
              Object {
                "marginBottom": 5,
                "marginTop": 5,
              }
            }
            variant="contained"
          >
            Sign-In
          </WithStyles(Button)>
        </form>
        <WithStyles(Typography)
          className="signup-line"
          component="h2"
          style={
            Object {
              "marginBottom": 5,
              "marginTop": 5,
            }
          }
          variant="subtitle1"
        >
          Don't have an account? Signup now!
        </WithStyles(Typography)>
        <WithStyles(Button)
          className="login"
          color="secondary"
          disabled={false}
          fullWidth={true}
          onClick={[Function]}
          style={
            Object {
              "marginBottom": 5,
              "marginTop": 5,
            }
          }
          variant="contained"
        >
          Sign-Up
        </WithStyles(Button)>
      </WithStyles(CardContent)>
    </WithStyles(Card)>
  </div>
</div>
`;

exports[`Home Component When provided with no password for login Should render correctly 1`] = `
<div
  className="home-page"
>
  <WithStyles(CssBaseline) />
  <WithStyles(Snackbar)
    autoHideDuration={3000}
    message=""
    onClose={[Function]}
    open={false}
  />
  <div
    className="title-bar"
    data-aos="fade-up"
  >
    <WithStyles(Typography)
      className="title"
      component="h2"
      style={
        Object {
          "color": "#000000",
        }
      }
      variant="h1"
    >
      <strong>
        LunchIn
      </strong>
    </WithStyles(Typography)>
    <WithStyles(Typography)
      className="tag-line"
      component="h2"
      data-aos="fade-up"
      variant="h3"
    >
      Automatically Choose a Lunch Option For You
    </WithStyles(Typography)>
  </div>
  <div
    className="home-page-content"
  >
    <WithStyles(Card)
      className="login-form"
      data-aos="slide-right"
    >
      <WithStyles(CardHeader)
        className="login-form-header"
        subheader="Your Lunch Option Awaits"
        title="Sign In"
      />
      <WithStyles(CardContent)
        className="login-form-content"
      >
        <form>
          <TextField
            className="email"
            disabled={false}
            fullWidth={true}
            id="email"
            label="E-mail"
            onChange={[Function]}
            required={true}
            select={false}
            type="email"
            value=""
            variant="standard"
          />
          <TextField
            InputProps={
              Object {
                "endAdornment": <WithStyles(InputAdornment)
                  position="end"
                >
                  <WithStyles(Tooltip)
                    placement="top"
                    title="Show Password"
                  >
                    <WithStyles(IconButton)
                      onClick={[Function]}
                    >
                      <pure(VisibilityOffIcon) />
                    </WithStyles(IconButton)>
                  </WithStyles(Tooltip)>
                </WithStyles(InputAdornment)>,
              }
            }
            className="password"
            disabled={false}
            fullWidth={true}
            id="password"
            label="Password"
            onChange={[Function]}
            required={true}
            select={false}
            type="password"
            value=""
            variant="standard"
          />
          <WithStyles(Button)
            className="login"
            color="primary"
            disabled={false}
            fullWidth={true}
            onClick={[Function]}
            style={
              Object {
                "marginBottom": 5,
                "marginTop": 5,
              }
            }
            variant="contained"
          >
            Sign-In
          </WithStyles(Button)>
        </form>
        <WithStyles(Typography)
          className="signup-line"
          component="h2"
          style={
            Object {
              "marginBottom": 5,
              "marginTop": 5,
            }
          }
          variant="subtitle1"
        >
          Don't have an account? Signup now!
        </WithStyles(Typography)>
        <WithStyles(Button)
          className="login"
          color="secondary"
          disabled={false}
          fullWidth={true}
          onClick={[Function]}
          style={
            Object {
              "marginBottom": 5,
              "marginTop": 5,
            }
          }
          variant="contained"
        >
          Sign-Up
        </WithStyles(Button)>
      </WithStyles(CardContent)>
    </WithStyles(Card)>
  </div>
</div>
`;

exports[`Home Component When provided with user login info Should render correctly 1`] = `
<div
  className="home-page"
>
  <WithStyles(CssBaseline) />
  <WithStyles(Snackbar)
    autoHideDuration={3000}
    message=""
    onClose={[Function]}
    open={false}
  />
  <div
    className="title-bar"
    data-aos="fade-up"
  >
    <WithStyles(Typography)
      className="title"
      component="h2"
      style={
        Object {
          "color": "#000000",
        }
      }
      variant="h1"
    >
      <strong>
        LunchIn
      </strong>
    </WithStyles(Typography)>
    <WithStyles(Typography)
      className="tag-line"
      component="h2"
      data-aos="fade-up"
      variant="h3"
    >
      Automatically Choose a Lunch Option For You
    </WithStyles(Typography)>
  </div>
  <div
    className="home-page-content"
  >
    <WithStyles(Card)
      className="login-form"
      data-aos="slide-right"
    >
      <WithStyles(CardHeader)
        className="login-form-header"
        subheader="Your Lunch Option Awaits"
        title="Sign In"
      />
      <WithStyles(CardContent)
        className="login-form-content"
      >
        <form>
          <TextField
            className="email"
            disabled={false}
            fullWidth={true}
            id="email"
            label="E-mail"
            onChange={[Function]}
            required={true}
            select={false}
            type="email"
            value=""
            variant="standard"
          />
          <TextField
            InputProps={
              Object {
                "endAdornment": <WithStyles(InputAdornment)
                  position="end"
                >
                  <WithStyles(Tooltip)
                    placement="top"
                    title="Show Password"
                  >
                    <WithStyles(IconButton)
                      onClick={[Function]}
                    >
                      <pure(VisibilityOffIcon) />
                    </WithStyles(IconButton)>
                  </WithStyles(Tooltip)>
                </WithStyles(InputAdornment)>,
              }
            }
            className="password"
            disabled={false}
            fullWidth={true}
            id="password"
            label="Password"
            onChange={[Function]}
            required={true}
            select={false}
            type="password"
            value=""
            variant="standard"
          />
          <WithStyles(Button)
            className="login"
            color="primary"
            disabled={false}
            fullWidth={true}
            onClick={[Function]}
            style={
              Object {
                "marginBottom": 5,
                "marginTop": 5,
              }
            }
            variant="contained"
          >
            Sign-In
          </WithStyles(Button)>
        </form>
        <WithStyles(Typography)
          className="signup-line"
          component="h2"
          style={
            Object {
              "marginBottom": 5,
              "marginTop": 5,
            }
          }
          variant="subtitle1"
        >
          Don't have an account? Signup now!
        </WithStyles(Typography)>
        <WithStyles(Button)
          className="login"
          color="secondary"
          disabled={false}
          fullWidth={true}
          onClick={[Function]}
          style={
            Object {
              "marginBottom": 5,
              "marginTop": 5,
            }
          }
          variant="contained"
        >
          Sign-Up
        </WithStyles(Button)>
      </WithStyles(CardContent)>
    </WithStyles(Card)>
  </div>
</div>
`;
